  Determining projects to restore...
  All projects are up-to-date for restore.
  PrimativeExtensions -> d:\repos\IdentityServerStarter copy\IdentityServerStarter copy\src\PrimativeExtensions\bin\Debug\net10.0\PrimativeExtensions.dll
  EfCoreExtensions -> d:\repos\IdentityServerStarter copy\IdentityServerStarter copy\src\EfCoreExtensions\bin\Debug\net10.0\EfCoreExtensions.dll
  DataTransferModels -> d:\repos\IdentityServerStarter copy\IdentityServerStarter copy\src\DataTransferModels\bin\Debug\net10.0\DataTransferModels.dll
  EfCoreExtensions -> d:\repos\IdentityServerStarter copy\IdentityServerStarter copy\src\EfCoreExtensions\bin\Debug\net10.0\EfCoreExtensions.dll
  IdentityServer.EF.DataAccess -> d:\repos\IdentityServerStarter copy\IdentityServerStarter copy\src\IdentityServer.EF.DataAccess\bin\Debug\net10.0\IdentityServer.EF.DataAccess.dll
  PrimativeExtensions -> d:\repos\IdentityServerStarter copy\IdentityServerStarter copy\src\PrimativeExtensions\bin\Debug\net10.0\PrimativeExtensions.dll
  IdentityServer.EF.DataAccess -> d:\repos\IdentityServerStarter copy\IdentityServerStarter copy\src\IdentityServer.EF.DataAccess\bin\Debug\net10.0\IdentityServer.EF.DataAccess.dll
  IdentityServerServices -> d:\repos\IdentityServerStarter copy\IdentityServerStarter copy\src\IdentityServerServices\bin\Debug\net10.0\IdentityServerServices.dll
  IdentityServerServices -> d:\repos\IdentityServerStarter copy\IdentityServerStarter copy\src\IdentityServerServices\bin\Debug\net10.0\IdentityServerServices.dll
  IdentityServerAspNetIdentity -> d:\repos\IdentityServerStarter copy\IdentityServerStarter copy\src\IdentityServerAspNetIdentity\bin\Debug\net10.0\IdentityServerAspNetIdentity.dll
  IdentityServerAspNetIdentity.TestSupport -> d:\repos\IdentityServerStarter copy\IdentityServerStarter copy\Tests\Common\IdentityServerAspNetIdentity.TestSupport\bin\Debug\net10.0\IdentityServerAspNetIdentity.TestSupport.dll
d:\repos\IdentityServerStarter copy\IdentityServerStarter copy\Tests\Integration\IdentityServerAspNetIdentity.IntegrationTests\Services\ApiScopesAdminServiceTests.cs(50,16): error CS1061: 'CreateApiScopeResult' does not contain a definition for 'IsSuccess' and no accessible extension method 'IsSuccess' accepting a first argument of type 'CreateApiScopeResult' could be found (are you missing a using directive or an assembly reference?) [d:\repos\IdentityServerStarter copy\IdentityServerStarter copy\Tests\Integration\IdentityServerAspNetIdentity.IntegrationTests\IdentityServerAspNetIdentity.IntegrationTests.csproj]
d:\repos\IdentityServerStarter copy\IdentityServerStarter copy\Tests\Integration\IdentityServerAspNetIdentity.IntegrationTests\Services\ApiScopesAdminServiceTests.cs(51,16): error CS1061: 'CreateApiScopeResult' does not contain a definition for 'ScopeId' and no accessible extension method 'ScopeId' accepting a first argument of type 'CreateApiScopeResult' could be found (are you missing a using directive or an assembly reference?) [d:\repos\IdentityServerStarter copy\IdentityServerStarter copy\Tests\Integration\IdentityServerAspNetIdentity.IntegrationTests\IdentityServerAspNetIdentity.IntegrationTests.csproj]
d:\repos\IdentityServerStarter copy\IdentityServerStarter copy\Tests\Integration\IdentityServerAspNetIdentity.IntegrationTests\Services\ApiScopesAdminServiceTests.cs(53,76): error CS1061: 'CreateApiScopeResult' does not contain a definition for 'ScopeId' and no accessible extension method 'ScopeId' accepting a first argument of type 'CreateApiScopeResult' could be found (are you missing a using directive or an assembly reference?) [d:\repos\IdentityServerStarter copy\IdentityServerStarter copy\Tests\Integration\IdentityServerAspNetIdentity.IntegrationTests\IdentityServerAspNetIdentity.IntegrationTests.csproj]
d:\repos\IdentityServerStarter copy\IdentityServerStarter copy\Tests\Integration\IdentityServerAspNetIdentity.IntegrationTests\Services\ApiScopesAdminServiceTests.cs(72,16): error CS1061: 'CreateApiScopeResult' does not contain a definition for 'IsSuccess' and no accessible extension method 'IsSuccess' accepting a first argument of type 'CreateApiScopeResult' could be found (are you missing a using directive or an assembly reference?) [d:\repos\IdentityServerStarter copy\IdentityServerStarter copy\Tests\Integration\IdentityServerAspNetIdentity.IntegrationTests\IdentityServerAspNetIdentity.IntegrationTests.csproj]
d:\repos\IdentityServerStarter copy\IdentityServerStarter copy\Tests\Integration\IdentityServerAspNetIdentity.IntegrationTests\Services\ApiScopesAdminServiceTests.cs(73,16): error CS1061: 'CreateApiScopeResult' does not contain a definition for 'Error' and no accessible extension method 'Error' accepting a first argument of type 'CreateApiScopeResult' could be found (are you missing a using directive or an assembly reference?) [d:\repos\IdentityServerStarter copy\IdentityServerStarter copy\Tests\Integration\IdentityServerAspNetIdentity.IntegrationTests\IdentityServerAspNetIdentity.IntegrationTests.csproj]
d:\repos\IdentityServerStarter copy\IdentityServerStarter copy\Tests\Integration\IdentityServerAspNetIdentity.IntegrationTests\Services\ApiScopesAdminServiceTests.cs(90,16): error CS1061: 'UpdateApiScopeResult' does not contain a definition for 'IsSuccess' and no accessible extension method 'IsSuccess' accepting a first argument of type 'UpdateApiScopeResult' could be found (are you missing a using directive or an assembly reference?) [d:\repos\IdentityServerStarter copy\IdentityServerStarter copy\Tests\Integration\IdentityServerAspNetIdentity.IntegrationTests\IdentityServerAspNetIdentity.IntegrationTests.csproj]
d:\repos\IdentityServerStarter copy\IdentityServerStarter copy\Tests\Integration\IdentityServerAspNetIdentity.IntegrationTests\Services\ApiScopesAdminServiceTests.cs(110,16): error CS1061: 'AddApiScopeClaimResult' does not contain a definition for 'IsSuccess' and no accessible extension method 'IsSuccess' accepting a first argument of type 'AddApiScopeClaimResult' could be found (are you missing a using directive or an assembly reference?) [d:\repos\IdentityServerStarter copy\IdentityServerStarter copy\Tests\Integration\IdentityServerAspNetIdentity.IntegrationTests\IdentityServerAspNetIdentity.IntegrationTests.csproj]

Build FAILED.

d:\repos\IdentityServerStarter copy\IdentityServerStarter copy\Tests\Integration\IdentityServerAspNetIdentity.IntegrationTests\Services\ApiScopesAdminServiceTests.cs(50,16): error CS1061: 'CreateApiScopeResult' does not contain a definition for 'IsSuccess' and no accessible extension method 'IsSuccess' accepting a first argument of type 'CreateApiScopeResult' could be found (are you missing a using directive or an assembly reference?) [d:\repos\IdentityServerStarter copy\IdentityServerStarter copy\Tests\Integration\IdentityServerAspNetIdentity.IntegrationTests\IdentityServerAspNetIdentity.IntegrationTests.csproj]
d:\repos\IdentityServerStarter copy\IdentityServerStarter copy\Tests\Integration\IdentityServerAspNetIdentity.IntegrationTests\Services\ApiScopesAdminServiceTests.cs(51,16): error CS1061: 'CreateApiScopeResult' does not contain a definition for 'ScopeId' and no accessible extension method 'ScopeId' accepting a first argument of type 'CreateApiScopeResult' could be found (are you missing a using directive or an assembly reference?) [d:\repos\IdentityServerStarter copy\IdentityServerStarter copy\Tests\Integration\IdentityServerAspNetIdentity.IntegrationTests\IdentityServerAspNetIdentity.IntegrationTests.csproj]
d:\repos\IdentityServerStarter copy\IdentityServerStarter copy\Tests\Integration\IdentityServerAspNetIdentity.IntegrationTests\Services\ApiScopesAdminServiceTests.cs(53,76): error CS1061: 'CreateApiScopeResult' does not contain a definition for 'ScopeId' and no accessible extension method 'ScopeId' accepting a first argument of type 'CreateApiScopeResult' could be found (are you missing a using directive or an assembly reference?) [d:\repos\IdentityServerStarter copy\IdentityServerStarter copy\Tests\Integration\IdentityServerAspNetIdentity.IntegrationTests\IdentityServerAspNetIdentity.IntegrationTests.csproj]
d:\repos\IdentityServerStarter copy\IdentityServerStarter copy\Tests\Integration\IdentityServerAspNetIdentity.IntegrationTests\Services\ApiScopesAdminServiceTests.cs(72,16): error CS1061: 'CreateApiScopeResult' does not contain a definition for 'IsSuccess' and no accessible extension method 'IsSuccess' accepting a first argument of type 'CreateApiScopeResult' could be found (are you missing a using directive or an assembly reference?) [d:\repos\IdentityServerStarter copy\IdentityServerStarter copy\Tests\Integration\IdentityServerAspNetIdentity.IntegrationTests\IdentityServerAspNetIdentity.IntegrationTests.csproj]
d:\repos\IdentityServerStarter copy\IdentityServerStarter copy\Tests\Integration\IdentityServerAspNetIdentity.IntegrationTests\Services\ApiScopesAdminServiceTests.cs(73,16): error CS1061: 'CreateApiScopeResult' does not contain a definition for 'Error' and no accessible extension method 'Error' accepting a first argument of type 'CreateApiScopeResult' could be found (are you missing a using directive or an assembly reference?) [d:\repos\IdentityServerStarter copy\IdentityServerStarter copy\Tests\Integration\IdentityServerAspNetIdentity.IntegrationTests\IdentityServerAspNetIdentity.IntegrationTests.csproj]
d:\repos\IdentityServerStarter copy\IdentityServerStarter copy\Tests\Integration\IdentityServerAspNetIdentity.IntegrationTests\Services\ApiScopesAdminServiceTests.cs(90,16): error CS1061: 'UpdateApiScopeResult' does not contain a definition for 'IsSuccess' and no accessible extension method 'IsSuccess' accepting a first argument of type 'UpdateApiScopeResult' could be found (are you missing a using directive or an assembly reference?) [d:\repos\IdentityServerStarter copy\IdentityServerStarter copy\Tests\Integration\IdentityServerAspNetIdentity.IntegrationTests\IdentityServerAspNetIdentity.IntegrationTests.csproj]
d:\repos\IdentityServerStarter copy\IdentityServerStarter copy\Tests\Integration\IdentityServerAspNetIdentity.IntegrationTests\Services\ApiScopesAdminServiceTests.cs(110,16): error CS1061: 'AddApiScopeClaimResult' does not contain a definition for 'IsSuccess' and no accessible extension method 'IsSuccess' accepting a first argument of type 'AddApiScopeClaimResult' could be found (are you missing a using directive or an assembly reference?) [d:\repos\IdentityServerStarter copy\IdentityServerStarter copy\Tests\Integration\IdentityServerAspNetIdentity.IntegrationTests\IdentityServerAspNetIdentity.IntegrationTests.csproj]
    0 Warning(s)
    7 Error(s)

Time Elapsed 00:00:01.98
